Script started on Mon 15 Jun 2015 04:40:00 PM PDT
~
cbarb005@hammer $ cd CS100/rshell/src/
~/CS100/rshell/src
cbarb005@hammer $ ./ls
a.out               colorls             cp.cpp              fake                
in                  in.txt              ls.cpp              ls-color.cpp        ls3.script          
ls                  ls2.cpp             lstest.cpp          mv.cpp              out                 
rshell.cpp          rm.cpp              rshell              sig                 sig.cpp             
test                test.cpp            Timer.h             x.cpp               
~/CS100/rshell/src
cbarb005@hammer $ ./ls fac[Kke
hello.txt        
~/CS100/rshell/src
cbarb005@hammer $ #directory as parameter
~/CS100/rshell/src
cbarb005@hammer $ ./ls fake
hello.txt        
~/CS100/rshell/src
cbarb005@hammer $ ./ls -a [K[K[K[K[K[K[K[K#file as parameter
~/CS100/rshell/src
cbarb005@hammer $ ./ls #[Kin.txt [4h-[4l[4ha[4l[4h [4l
in.txt        
~/CS100/rshell/src
cbarb005@hammer $ ./ls -a in.txt [1P[4hl[4l
total: 0
-rw------- 1 cbarb005 classes      3 Apr  17 23:27 in.txt

~/CS100/rshell/src
cbarb005@hammer $ ./ls in.txt out
in.txt        
out        
~/CS100/rshell/src
cbarb005@hammer $ #multiplep[K parameters accepted
~/CS100/rshell/src
cbarb005@hammer $ ls [K[K[K./ls -a
.                   ..                  a.out               colorls             
cp.cpp              fake                in.txt              in                  ls.cpp              
ls-color.cpp        ls3.script          ls                  ls2.cpp             lstest.cpp          
mv.cpp              out                 rshell              rshell.cpp          rm.cpp              
sig                 sig.cpp             test                test.cpp            Timer.h             
x.cpp               
~/CS100/rshell/src
cbarb005@hammer $ ./ls -l
total: 1312
-rwx------ 1 cbarb005 classes  80596 May  15 13:55 a.out
-rwx------ 1 cbarb005 classes  76893 May  15 08:10 colorls
-rw------- 1 cbarb005 classes   3077 Mar  27 17:57 cp.cpp
drwx------ 2 cbarb005 classes   4096 May  15 02:37 fake
-rw------- 1 cbarb005 classes     12 Apr  17 22:27 in
-rw------- 1 cbarb005 classes      3 Apr  17 23:27 in.txt
-rw------- 1 cbarb005 classes   8655 May  15 14:01 ls.cpp
-rw------- 1 cbarb005 classes   8608 May  15 13:38 ls-color.cpp
-rw------- 1 cbarb005 classes      0 May  15 16:32 ls3.script
-rwx------ 1 cbarb005 classes  76237 May  15 16:31 ls
-rw------- 1 cbarb005 classes   8146 May   9 10:54 ls2.cpp
-rw------- 1 cbarb005 classes   8579 May  15 03:47 lstest.cpp
-rw------- 1 cbarb005 classes   1073 Apr  28 21:59 mv.cpp
-rw------- 1 cbarb005 classes      0 Apr  17 23:19 out
-rw------- 1 cbarb005 classes  16382 May  15 01:43 rshell.cpp
-rw------- 1 cbarb005 classes   2556 May   9 02:58 rm.cpp
-rwx------ 1 cbarb005 classes  75539 May  15 01:44 rshell
-rwx------ 1 cbarb005 classes 218131 May  15 00:59 sig
-rw------- 1 cbarb005 classes  15531 May  15 01:00 sig.cpp
-rwx------ 1 cbarb005 classes   7971 May  14 18:53 test
-rw------- 1 cbarb005 classes    317 May  14 18:53 test.cpp
-rw------- 1 cbarb005 classes   2698 Mar  27 17:27 Timer.h
-rw------- 1 cbarb005 classes    165 Apr  17 20:32 x.cpp

~/CS100/rshell/src
cbarb005@hammer $ ./ls -l[KR
.:
a.out               colorls             cp.cpp              fake                
in                  in.txt              ls.cpp              ls-color.cpp        ls3.script          
ls                  ls2.cpp             lstest.cpp          mv.cpp              out                 
rshell.cpp          rm.cpp              rshell              sig                 sig.cpp             
test                test.cpp            Timer.h             x.cpp               
./fake:
hello.txt        
~/CS100/rshell/src
cbarb005@hammer $ #each flag works on own
~/CS100/rshell/src
cbarb005@hammer $ #each flag works on own[C[C[C[C[C[C[C[C[C[C[C[C[C[C[C[C[C[C./ls -R[K[Kal
total: 1328
drwx------ 3 cbarb005 classes   4096 May  15 16:32 .
drwx------ 6 cbarb005 classes   4096 May  15 14:04 ..
-rwx------ 1 cbarb005 classes  80596 May  15 13:55 a.out
-rwx------ 1 cbarb005 classes  76893 May  15 08:10 colorls
-rw------- 1 cbarb005 classes   3077 Mar  27 17:57 cp.cpp
drwx------ 2 cbarb005 classes   4096 May  15 02:37 fake
-rw------- 1 cbarb005 classes      3 Apr  17 23:27 in.txt
-rw------- 1 cbarb005 classes     12 Apr  17 22:27 in
-rw------- 1 cbarb005 classes   8655 May  15 14:01 ls.cpp
-rw------- 1 cbarb005 classes   8608 May  15 13:38 ls-color.cpp
-rw------- 1 cbarb005 classes      0 May  15 16:32 ls3.script
-rwx------ 1 cbarb005 classes  76237 May  15 16:31 ls
-rw------- 1 cbarb005 classes   8146 May   9 10:54 ls2.cpp
-rw------- 1 cbarb005 classes   8579 May  15 03:47 lstest.cpp
-rw------- 1 cbarb005 classes   1073 Apr  28 21:59 mv.cpp
-rw------- 1 cbarb005 classes      0 Apr  17 23:19 out
-rwx------ 1 cbarb005 classes  75539 May  15 01:44 rshell
-rw------- 1 cbarb005 classes  16382 May  15 01:43 rshell.cpp
-rw------- 1 cbarb005 classes   2556 May   9 02:58 rm.cpp
-rwx------ 1 cbarb005 classes 218131 May  15 00:59 sig
-rw------- 1 cbarb005 classes  15531 May  15 01:00 sig.cpp
-rwx------ 1 cbarb005 classes   7971 May  14 18:53 test
-rw------- 1 cbarb005 classes    317 May  14 18:53 test.cpp
-rw------- 1 cbarb005 classes   2698 Mar  27 17:27 Timer.h
-rw------- 1 cbarb005 classes    165 Apr  17 20:32 x.cpp

~/CS100/rshell/src
cbarb005@hammer $ -al [K[K[K[K#[K./ls [K[K[K[K[K# as mentioned in readme, this combo works fine
~/CS100/rshell/src
cbarb005@hammer $ ./ls -aR
.:
.                   ..                  a.out               colorls             
cp.cpp              fake                in.txt              in                  ls.cpp              
ls-color.cpp        ls3.script          ls                  ls2.cpp             lstest.cpp          
mv.cpp              out                 rshell              rshell.cpp          rm.cpp              
sig                 sig.cpp             test                test.cpp            Timer.h             
x.cpp               
./fake:
.                ..               hello.txt        
~/CS100/rshell/src
cbarb005@hammer $ -[K# as does this one above
~/CS100/rshell/src
cbarb005@hammer $ #but l and R do't[K[Kn't seeem [K[K[K[K[K[K[K[K[K[K[K[K[K[K[K[K[K[K[K[K[K[K[K[K[K./ls -lRalR
.:
total: 1328
drwx------ 3 cbarb005 classes   4096 May  15 16:32 .
drwx------ 6 cbarb005 classes   4096 May  15 14:04 ..
-rwx------ 1 cbarb005 classes  80596 May  15 13:55 a.out
-rwx------ 1 cbarb005 classes  76893 May  15 08:10 colorls
-rw------- 1 cbarb005 classes   3077 Mar  27 17:57 cp.cpp
drwx------ 2 cbarb005 classes   4096 May  15 02:37 fake
-rw------- 1 cbarb005 classes      3 Apr  17 23:27 in.txt
-rw------- 1 cbarb005 classes     12 Apr  17 22:27 in
-rw------- 1 cbarb005 classes   8655 May  15 14:01 ls.cpp
-rw------- 1 cbarb005 classes   8608 May  15 13:38 ls-color.cpp
-rw------- 1 cbarb005 classes      0 May  15 16:32 ls3.script
-rwx------ 1 cbarb005 classes  76237 May  15 16:31 ls
-rw------- 1 cbarb005 classes   8146 May   9 10:54 ls2.cpp
-rw------- 1 cbarb005 classes   8579 May  15 03:47 lstest.cpp
-rw------- 1 cbarb005 classes   1073 Apr  28 21:59 mv.cpp
-rw------- 1 cbarb005 classes      0 Apr  17 23:19 out
-rwx------ 1 cbarb005 classes  75539 May  15 01:44 rshell
-rw------- 1 cbarb005 classes  16382 May  15 01:43 rshell.cpp
-rw------- 1 cbarb005 classes   2556 May   9 02:58 rm.cpp
-rwx------ 1 cbarb005 classes 218131 May  15 00:59 sig
-rw------- 1 cbarb005 classes  15531 May  15 01:00 sig.cpp
-rwx------ 1 cbarb005 classes   7971 May  14 18:53 test
-rw------- 1 cbarb005 classes    317 May  14 18:53 test.cpp
-rw------- 1 cbarb005 classes   2698 Mar  27 17:27 Timer.h
-rw------- 1 cbarb005 classes    165 Apr  17 20:32 x.cpp

./fake:
stat: No such file or directory
total: 24
drwx------ 3 cbarb005 classes   4096 May  15 16:32 .
drwx------ 6 cbarb005 classes   4096 May  15 14:04 ..
stat: No such file or directory
drwx------ 6 cbarb005 classes   4096 May  15 14:04 hello.txt

~/CS100/rshell/src
cbarb005@hammer $ #mixing l and R though seems to give errors[K[K[K[K[K[K[K[K[K[K[K[K[K[K[K[K[K[K[K[Kp[Kis buggy as you can see
~/CS100/rshell/src
cbarb005@hammer $ #[K./ls -lR
.:
total: 1312
-rwx------ 1 cbarb005 classes  80596 May  15 13:55 a.out
-rwx------ 1 cbarb005 classes  76893 May  15 08:10 colorls
-rw------- 1 cbarb005 classes   3077 Mar  27 17:57 cp.cpp
drwx------ 2 cbarb005 classes   4096 May  15 02:37 fake
-rw------- 1 cbarb005 classes     12 Apr  17 22:27 in
-rw------- 1 cbarb005 classes      3 Apr  17 23:27 in.txt
-rw------- 1 cbarb005 classes   8655 May  15 14:01 ls.cpp
-rw------- 1 cbarb005 classes   8608 May  15 13:38 ls-color.cpp
-rw------- 1 cbarb005 classes      0 May  15 16:32 ls3.script
-rwx------ 1 cbarb005 classes  76237 May  15 16:31 ls
-rw------- 1 cbarb005 classes   8146 May   9 10:54 ls2.cpp
-rw------- 1 cbarb005 classes   8579 May  15 03:47 lstest.cpp
-rw------- 1 cbarb005 classes   1073 Apr  28 21:59 mv.cpp
-rw------- 1 cbarb005 classes      0 Apr  17 23:19 out
-rw------- 1 cbarb005 classes  16382 May  15 01:43 rshell.cpp
-rw------- 1 cbarb005 classes   2556 May   9 02:58 rm.cpp
-rwx------ 1 cbarb005 classes  75539 May  15 01:44 rshell
-rwx------ 1 cbarb005 classes 218131 May  15 00:59 sig
-rw------- 1 cbarb005 classes  15531 May  15 01:00 sig.cpp
-rwx------ 1 cbarb005 classes   7971 May  14 18:53 test
-rw------- 1 cbarb005 classes    317 May  14 18:53 test.cpp
-rw------- 1 cbarb005 classes   2698 Mar  27 17:27 Timer.h
-rw------- 1 cbarb005 classes    165 Apr  17 20:32 x.cpp

šê:
opendir: No such file or directory
~/CS100/rshell/src
cbarb005@hammer $ #som[K[K[Kand can be really unpredictable
~/CS100/rshell/src
cbarb005@hammer $ #for color output, flag -cc can be used
~/CS100/rshell/src
cbarb005@hammer $ ./ls -cc
[32ma.out               [0m[32mcolorls             [0mcp.cpp              [0m[34mfake                [0m
in                  [0min.txt              [0mls.cpp              [0mls-color.cpp        [0mls3.script          [0m
[32mls                  [0mls2.cpp             [0mlstest.cpp          [0mmv.cpp              [0mout                 [0m
rshell.cpp          [0mrm.cpp              [0m[32mrshell              [0m[32msig                 [0msig.cpp             [0m
[32mtest                [0mtest.cpp            [0mTimer.h             [0mx.cpp               [0m
~/CS100/rshell/src
cbarb005@hammer $ ./ls -cc[Cacc[C[C
[100m[34m.                   [0m[100m[34m..                  [0m[32ma.out               [0m[32mcolorls             [0m
cp.cpp              [0m[34mfake                [0min.txt              [0min                  [0mls.cpp              [0m
ls-color.cpp        [0mls3.script          [0m[32mls                  [0mls2.cpp             [0mlstest.cpp          [0m
mv.cpp              [0mout                 [0m[32mrshell              [0mrshell.cpp          [0mrm.cpp              [0m
[32msig                 [0msig.cpp             [0m[32mtest                [0mtest.cpp            [0mTimer.h             [0m
x.cpp               [0m
~/CS100/rshell/src
cbarb005@hammer $ ./ls -alcc
total: 1328
drwx------ 3 cbarb005 classes   4096 May  15 16:32 [100m[34m.[0m
drwx------ 6 cbarb005 classes   4096 May  15 14:04 [100m[34m..[0m
-rwx------ 1 cbarb005 classes  80596 May  15 13:55 [32ma.out[0m
-rwx------ 1 cbarb005 classes  76893 May  15 08:10 [32mcolorls[0m
-rw------- 1 cbarb005 classes   3077 Mar  27 17:57 cp.cpp[0m
drwx------ 2 cbarb005 classes   4096 May  15 02:37 [34mfake[0m
-rw------- 1 cbarb005 classes      3 Apr  17 23:27 in.txt[0m
-rw------- 1 cbarb005 classes     12 Apr  17 22:27 in[0m
-rw------- 1 cbarb005 classes   8655 May  15 14:01 ls.cpp[0m
-rw------- 1 cbarb005 classes   8608 May  15 13:38 ls-color.cpp[0m
-rw------- 1 cbarb005 classes      0 May  15 16:32 ls3.script[0m
-rwx------ 1 cbarb005 classes  76237 May  15 16:31 [32mls[0m
-rw------- 1 cbarb005 classes   8146 May   9 10:54 ls2.cpp[0m
-rw------- 1 cbarb005 classes   8579 May  15 03:47 lstest.cpp[0m
-rw------- 1 cbarb005 classes   1073 Apr  28 21:59 mv.cpp[0m
-rw------- 1 cbarb005 classes      0 Apr  17 23:19 out[0m
-rwx------ 1 cbarb005 classes  75539 May  15 01:44 [32mrshell[0m
-rw------- 1 cbarb005 classes  16382 May  15 01:43 rshell.cpp[0m
-rw------- 1 cbarb005 classes   2556 May   9 02:58 rm.cpp[0m
-rwx------ 1 cbarb005 classes 218131 May  15 00:59 [32msig[0m
-rw------- 1 cbarb005 classes  15531 May  15 01:00 sig.cpp[0m
-rwx------ 1 cbarb005 classes   7971 May  14 18:53 [32mtest[0m
-rw------- 1 cbarb005 classes    317 May  14 18:53 test.cpp[0m
-rw------- 1 cbarb005 classes   2698 Mar  27 17:27 Timer.h[0m
-rw------- 1 cbarb005 classes    165 Apr  17 20:32 x.cpp[0m

~/CS100/rshell/src
cbarb005@hammer $ #works with others just fine[K[K[K[K[K[K[K[K[K[K[K[K[K[K[K[K[K[K[K[K[K[K[K[K[K[K[K[K./ls -Rcc
.:
[32ma.out               [0m[32mcolorls             [0mcp.cpp              [0m[34mfake                [0m
in                  [0min.txt              [0mls.cpp              [0mls-color.cpp        [0mls3.script          [0m
[32mls                  [0mls2.cpp             [0mlstest.cpp          [0mmv.cpp              [0mout                 [0m
rshell.cpp          [0mrm.cpp              [0m[32mrshell              [0m[32msig                 [0msig.cpp             [0m
[32mtest                [0mtest.cpp            [0mTimer.h             [0mx.cpp               [0m
./fake:
stat: No such file or directory
stat: No such file or directory
hello.txt        [0m
readdir: No such file or directory
~/CS100/rshell/src
cbarb005@hammer $ #b[Kbugg[Ks seem to be associated with[K[K[K[K[K[K[K[K[K[K[K[K[K[K[K[K[K[K[K[K[K[K[K[K[K[K[K[K[K[K[K[K# [K -R buggy when using others still, [K[K[K[K[K[K[K[K[K[K[K[K[K[K[K[K[K[K[K[K[K[K[K[K[K[K[K[K[K[K[K[K[K[Kbuggy with -R but still technically works[K[K[K[K[K[K[K[K[K[K[K[K[K[K[K[K[K[K[K[K[K[K[K[K[K[K[K[K
~/CS100/rshell/src
cbarb005@hammer $ # buggy with -R[K[K[K[K[K[K[K[K[K[K[K[K[K[K[K./ls -Rccalcc[K[K[K[KR
.:
a.out               colorls             cp.cpp              fake                
in                  in.txt              ls.cpp              ls-color.cpp        ls3.script          
ls                  ls2.cpp             lstest.cpp          mv.cpp              out                 
rshell.cpp          rm.cpp              rshell              sig                 sig.cpp             
test                test.cpp            Timer.h             x.cpp               
./fake:
hello.txt        
~/CS100/rshell/src
cbarb005@hammer $ # -r[K[Kend of thest[K[K[K[Kesting script
~/CS100/rshell/src
cbarb005@hammer $ end
bash: end: command not found
~/CS100/rshell/src
cbarb005@hammer $ end
bash: end: command not found
~/CS100/rshell/src
cbarb005@hammer $ exit
exit

Script done on Mon 15 Jun 2015 04:47:30 PM PDT
