Script started on Sat 30 May 2015 12:39:48 AM PDT
~
cbarb005@hammer $ cd CS100/
~/CS100
cbarb005@hammer $ cd rshell
~/CS100/rshell
cbarb005@hammer $ cd src
~/CS100/rshell/src
cbarb005@hammer $ ./a.out
~/CS100/rshell/src $ #cwd and tilde work
~/CS100/rshell/src $ cd
~ $ #so does cd for home
~ $ cd-  -
~/CS100/rshell/src $ re  #cd - returns well
~/CS100/rshell/src $ cd ..
~/CS100/rshell $ #as does t          cd src
~/CS100/rshell/src $ pwd
/class/classes/cbarb005/CS100/rshell/src
~/CS100/rshell/src $ cd -
~/CS100/rshell $ pwd
/class/classes/cbarb005/CS100/rshell
~/CS100/rshell $ #everthing     ything matches
~/CS100/rshell $ #only slight issue
~/CS100/rshell $ cd src
~/CS100/rshell/src $ cd efjelj
No such directory exists.
~/CS100/rshell/src $ cd    #correct error output
~/CS100/rshell/src $ cd ..
No such directory exists.
~/CS100/rshell/src $ #incorrect error output
~/CS100/rshell/src $ ls -a
.   a.out   fake  in.txt  mv.cpp  rm.cpp      sig.sh   test	 Timer.h
..  cp.cpp  in	  ls.cpp  out	  rshell.cpp  sig.shh  test.cpp  x.cpp
~/CS100/rshell/src $ cd -
~/CS100/rshell $ #howver   ever, cd - restores it!  fucnti    nction
~/CS100/rshell $ cd src
~/CS100/rshell/src $ #minor b       unfortunately, ctrl c not working 
~/CS100/rshell/src $ #so it o won't be s tested
~/CS100/rshell/src $ #for scr  t  test scripts'  's sck  ake
~/CS100/rshell/src $ exit
~/CS100/rshell/src
cbarb005@hammer $ exit
exit

Script done on Sat 30 May 2015 12:44:30 AM PDT
